-61
-78
42
-89
-51
51
-109
7
-54
71
61
-83
-70
-52
107
-49
97
46
-29
-60
109
-84
118
-16
54
121
-72
91
-7
-106
-34
47
-50
-86
-14
-83
-20
-13
21
7
111
-123
-50
-15
56
-51
-48
112
79
110
108
122
-53
113
-13
69
4
-78
82
-47
-88
23
-103
-1
92
111
36
-5
70
8
27
-27
-47
-96
40
102
-26
82
-15
79
70
21
-14
127
12
118
59
-50
-42
-127
-111
-27
-37
-9
27
97
-97
-45
111
-19
1
-77
-90
-99
-11
51
91
64
93
41
56
41
58
61
-5
-23
34
21
2
-45
-35
-8
54
