13870
19157
27606
1081
25205
18860
19355
2090
4207
7947
6900
17805
2684
28213
4274
23978
15628
9342
14287
9562
570
13893
604
6754
6509
213
13815
6925
16511
29055
10888
7852
7745
23735
23105
10654
9059
7221
19242
30071
19214
26943
5773
3246
19407
23844
29438
1395
13276
8739
21345
22344
14071
25145
3488
17880
26885
11563
14356
10816
19155
32339
29279
6615
12739
139
30338
16524
3314
28827
114
12437
22998
5911
30310
12903
26041
1516
25644
21451
26637
8010
6272
11534
4475
28946
22159
32203
3720
19507
8524
31036
13685
28170
30224
11969
7273
1089
30633
23524
29569
20213
5235
13227
32257
31162
17320
7199
20535
8179
23984
7172
24518
32405
6703
19151
13460
21014
732
17637
8922
22197
13652
