74
57
42
51
70
7
71
61
3
60
107
97
16
46
52
109
118
104
46
54
15
75
121
91
50
39
47
124
30
110
39
42
55
14
21
7
13
111
56
112
79
110
108
122
113
90
69
4
4
82
23
77
92
66
92
79
111
36
3
70
8
27
87
18
60
76
61
96
40
56
47
102
82
117
20
79
25
30
70
21
2
52
127
12
99
118
48
59
108
83
27
97
39
30
122
111
65
92
122
51
1
31
80
123
51
91
98
64
93
41
76
6
56
41
58
61
23
34
21
2
103
0
42
123
54
