107
109
118
104
121
124
110
111
112
110
108
122
113
111
102
117
127
118
108
122
111
122
123
103
123
