-60
-61
-27
-78
-37
-89
-51
-93
-34
-109
-54
-5
-83
-111
-70
-52
-49
-100
-104
-61
-29
-14
-60
-84
-107
-3
-16
-96
-72
-7
-106
-49
-54
-34
-21
-116
-91
-50
-84
-121
-94
-29
-86
-115
-14
-83
-20
-13
-102
-123
-50
-15
-51
-68
-48
-81
-53
-13
-89
-78
-78
-45
-47
-88
-46
-124
-3
-21
-103
-1
-102
-68
-41
-36
-5
-27
-112
-47
-58
-61
-96
-73
-10
-26
-15
-14
-128
-50
-61
-42
-127
-111
-27
-37
-9
-76
-97
-56
-127
-45
-119
-122
-19
-39
-34
-54
-41
-106
-77
-90
-99
-111
-11
-58
-108
-32
-25
-5
-13
-108
-39
-84
-23
-69
-45
-35
-8
-105
-116
-68
-5
