-60
74
57
-61
-27
-78
-37
42
-89
-51
-93
-34
51
-109
70
7
-54
71
-5
61
-83
-111
3
-70
60
-52
107
-49
97
-100
16
-104
46
-61
-29
-14
-60
52
109
-84
118
104
-107
-3
46
-16
-96
54
15
75
121
-72
91
-7
50
39
-106
-49
-54
-34
-21
-116
47
-91
-50
-84
-121
-94
-29
124
-86
-115
30
110
-14
39
42
-83
55
-20
14
-13
21
7
13
-102
111
-123
-50
-15
56
-51
-68
-48
112
79
-81
110
108
122
-53
113
90
-13
-89
69
4
4
-78
-78
-45
82
-47
-88
23
-46
77
92
-124
-3
-21
-103
-1
66
92
79
-102
-68
-41
111
-36
36
3
-5
70
8
27
87
18
60
76
-27
61
-112
96
-47
-58
-61
-96
40
56
-73
-10
47
102
-26
82
-15
117
20
79
25
30
70
21
2
52
-14
127
12
99
118
-128
48
59
-50
-61
-42
108
-127
-111
-27
83
-37
-9
27
-76
97
39
-97
-56
-127
30
-45
122
-119
-122
111
-19
-39
-34
-54
65
92
-41
122
-106
51
1
31
80
-77
-90
123
-99
-111
-11
-58
51
91
98
64
93
41
76
6
56
-108
-32
41
58
-25
61
-5
-13
-108
-39
-84
23
-23
34
21
-69
2
103
-45
-35
-8
-105
42
123
-116
-68
-5
54
