74
57
42
51
70
7
71
61
3
60
97
16
46
52
46
54
15
75
91
50
39
47
30
39
42
55
14
21
7
13
56
79
90
69
4
4
82
23
77
92
66
92
79
36
3
70
8
27
87
18
60
76
61
96
40
56
47
82
20
79
25
30
70
21
2
52
12
99
48
59
83
27
97
39
30
65
92
51
31
80
51
91
98
64
93
41
76
6
56
41
58
61
23
34
21
2
42
54
