-60
74
57
-27
-37
-93
-34
70
-5
-111
3
60
-100
16
-104
-61
-14
52
104
-107
-3
46
-96
15
75
50
39
-49
-54
-21
-116
-91
-84
-121
-94
-29
124
-115
30
110
39
42
55
14
13
-102
-68
-81
90
-89
4
-78
-45
-46
77
92
-124
-3
-21
66
79
-102
-68
-41
-36
3
87
18
60
76
61
-112
96
-58
-61
56
-73
-10
47
117
20
25
30
2
52
99
-128
48
-61
108
83
-76
39
-56
-127
30
122
-119
-122
-39
-34
-54
65
92
-41
122
-106
51
31
80
123
-111
-58
98
76
6
-108
-32
-25
-13
-108
-39
-84
23
-69
103
0
-105
42
123
-116
-68
-5
