-1596
-18088
-23777
-26421
-17933
-207
-32096
-23786
-7250
-28298
-17142
-8919
-15788
-1960
-7315
-1070
-20058
-32474
-31483
-31097
-16719
-31044
-2274
-21760
-13131
-6873
-6413
-24562
-21595
-17349
-10115
-25335
-5378
-30889
-1577
-23866
-10662
-12666
-27263
-9032
-15298
-3004
-20089
-12850
-24097
-17968
-26923
-20876
-12911
-22000
-31540
-7657
-11401
-27652
-30230
-10448
-29466
-919
-7496
-26361
-863
-30762
-29714
-3969
-11885
-25642
-8021
-27268
-10778
-8103
-28137
-29302
-14913
-13832
-20467
-807
-20616
-16278
-11417
-19203
-21176
-22147
-21609
-28391
-30976
-18867
-12105
-31264
-1614
-11837
-24307
-23003
-24520
-12272
-15374
-25665
-237
-24464
-23749
-13737
-26548
-32625
-27102
-3112
-10964
-10560
-16889
-31009
-3536
-21157
-14983
-6809
-7007
-24177
-8253
-17377
-1996
-25198
-4313
-3167
-8255
-10080
-25602
-26202
-6041
-3980
-17832
-4767
-23091
-10251
-16678
-8682
-8039
