13
19
20
15
10
28
12
12
20
18
26
28
9
18
26
28
2
7
0
5
19
21
7
3
2
15
18
5
18
23
14
21
23
24
26
26
25
20
16
4
18
6
19
22
10
15
10
25
23
10
1
13
12
10
14
15
5
12
4
22
19
18
11
3
8
3
4
18
20
3
2
10
0
13
27
2
3
4
25
4
11
19
16
20
20
16
14
2
17
27
16
9
7
22
9
1
23
2
24
2
5
22
23
3
20
19
0
6
27
6
12
9
24
8
20
26
19
27
7
12
25
28
20
1
25
2
16
25
14
0
9
21
7
24
18
18
14
22
28
1
8
6
24
26
15
19
17
23
1
22
5
16
26
7
2
19
8
23
25
23
22
8
9
6
24
5
12
1
28
4
23
12
2
12
6
27
10
14
7
14
9
28
10
3
24
0
9
24
3
18
26
17
14
19
23
10
7
11
6
26
2
15
24
8
8
23
0
9
24
22
22
9
27
2
13
14
21
20
16
18
16
27
7
20
8
21
18
12
5
14
1
23
26
24
16
16
7
28
0
23
8
26
18
12
23
22
12
5
2
26
14
16
5
4
9
0
