3
9
7
6
12
1
5
3
11
1
7
1
3
6
8
3
8
6
8
9
8
2
11
11
6
1
2
12
1
6
10
4
8
12
0
0
7
5
6
5
6
9
5
1
11
7
8
3
5
10
4
2
12
3
12
10
0
11
0
8
8
3
5
1
9
7
5
9
5
3
12
6
5
10
9
1
10
11
0
2
1
0
9
8
11
12
5
0
10
1
0
10
6
2
1
8
2
0
10
2
10
2
9
3
6
3
12
1
7
1
1
1
5
10
7
2
8
1
7
4
8
7
12
7
6
9
6
12
4
7
4
1
2
12
4
11
7
9
2
4
5
11
1
2
8
1
1
6
5
6
12
5
1
7
7
7
12
9
6
9
8
9
4
7
10
12
2
9
6
4
0
0
7
0
4
9
1
6
6
3
8
3
6
6
0
5
5
10
4
11
0
9
12
5
1
9
9
11
8
6
4
0
10
1
5
8
6
6
2
0
2
9
5
4
8
10
8
9
0
10
5
12
12
1
0
4
6
3
11
5
6
4
12
6
10
0
5
5
12
0
11
7
3
0
12
5
4
4
1
4
6
4
6
6
12
1
