false,0,4,0,12,0,28,6036300,2140323720,-127,123,-32474,32339,-2069387796,2000826202,-9216439232345632980,9201665022718575466,0.008584857,0.9966397,0.0014460175058255142,0.9848153564240777,Ĵ㭮慰ꌧ靵碉鴕₻镊䯊鄸넼覆⎈榓揦郠竤損ჸ,ힼઠ靶ゾ瀹蠓藋쫰䌩鸤휛䣧翹굗㪁迾뉪ꖈƋ屍
true,0,4,0,12,0,28,783628,2139595848,-128,127,-32625,32405,-2139804706,2145139030,-9042118254009968025,9155374553061731286,0.0035754442,0.9912891,0.009589347996759257,0.9987703202471936,B⇞扯䩐糍䒷刪蝣錢쾴ਵ䒵⠮䀈磚줔⟱莈薾촆,흢곧᜾꿤㽼䀀ㇾ孑쥓襯笨蒌㬂隇੮訓ϸ돻컭栞
